Analyzing tech_nest...                                          

  error - Expected to find ';' - lib\features\products\presentation\widgets\search_products_widget.dart:120:7 - expected_token
warning - Dead code - lib\features\products\presentation\widgets\search_products_widget.dart:120:8 - dead_code
  error - Expected an identifier - lib\features\products\presentation\widgets\search_products_widget.dart:120:8 - missing_identifier
  error - Expected to find ';' - lib\features\products\presentation\widgets\search_products_widget.dart:120:8 - expected_token
  error - Unexpected text ';' - lib\features\products\presentation\widgets\search_products_widget.dart:120:8 - unexpected_token
  error - Expected an identifier - lib\features\products\presentation\widgets\search_products_widget.dart:121:5 - missing_identifier
  error - Unexpected text ';' - lib\features\products\presentation\widgets\search_products_widget.dart:121:5 - unexpected_token
   info - Unnecessary empty statement - lib\features\products\presentation\widgets\search_products_widget.dart:121:6 - empty_statements
   info - Unnecessary use of multiple underscores - lib\features\products\presentation\widgets\search_suggestions_overlay_list.dart:27:33 - unnecessary_underscores

